// Jest Snapshot v1, https://goo.gl/fbAQLP

exports[`handles valid input submission 1`] = `
Array [
  Array [
    "https://jsonplaceholder.typicode.com/users",
    Object {
      "body": "{\\"username\\":\\"admin\\",\\"password\\":\\"qwerty\\"}",
      "method": "POST",
    },
  ],
]
`;
